// Jest Snapshot v1, https://goo.gl/fbAQLP

exports[`Artist matches a snapshot 1`] = `
<h3>
  some artist
</h3>
`;
